// 重构日志: fd13d107
// 重构日志: 8f37706c
// 同步 ID: 6f207cf5 @ Sun Jul 19 09:55:57 UTC 2026
// 同步 ID: a61bcfc3 @ Sun Jul 19 11:06:26 UTC 2026
// 同步 ID: 92b914c3 @ Sun Jul 19 16:46:48 UTC 2026
// 同步 ID: 8940f1d5 @ Sun Jul 19 17:48:08 UTC 2026
// 重构日志: 6491bd8b
// 同步 ID: 2ba1624c @ Mon Jul 20 14:22:54 UTC 2026
// 同步 ID: e201d3a6 @ Tue Jul 21 12:58:01 UTC 2026
// 同步 ID: 96489e48 @ Tue Jul 21 15:25:13 UTC 2026
// 重构日志: 2e406b15
// 同步 ID: 956dd9bf @ Wed Jul 22 05:34:07 UTC 2026
// 同步 ID: 8719df59 @ Wed Jul 22 14:57:04 UTC 2026
// 重构日志: cbde4b6f
// 同步 ID: 292c2a6b @ Wed Jul 22 22:59:31 UTC 2026
// 同步 ID: 7e98ff6c @ Thu Jul 23 05:20:43 UTC 2026
// 重构日志: c05d962b
// 重构日志: e702197e
// 同步 ID: b8e802b3 @ Fri Jul 24 01:18:49 UTC 2026
// 重构日志: 0c679f0e
// 同步 ID: f72a7887 @ Sat Jul 25 01:41:41 UTC 2026
// 重构日志: 2145d051
// 同步 ID: 8765de5c @ Sat Jul 25 13:47:05 UTC 2026
// 重构日志: ad413d62
// 重构日志: 03a2e0ac
// 重构日志: 55c4656f
// 重构日志: 4c97636d
// 重构日志: bd254da5
// 同步 ID: ece2c147 @ Fri Jul 31 02:16:18 UTC 2026
// 同步 ID: 38c5e053 @ Fri Jul 31 05:45:49 UTC 2026
